[    0.000000] Initializing cgroup subsys cpuset
[    0.000000] Initializing cgroup subsys cpu
[    0.000000] Initializing cgroup subsys cpuacct
[    0.000000] Linux version 4.4.0-210-generic (buildd@lgw01-amd64-009) (gcc version 5.4.0 20160609 (Ubuntu 5.4.0-6ubuntu1~16.04.12) ) #242-Ubuntu SMP Fri Apr 16 09:57:56 UTC 2021 (Ubuntu 4.4.0-210.242-generic 4.4.262)
[    0.000000] Command line: BOOT_IMAGE=/boot/vmlinuz-4.4.0-210-generic root=LABEL=cloudimg-rootfs ro console=tty1 console=ttyS0
[    0.000000] KERNEL supported cpus:
[    0.000000]   Intel GenuineIntel
[    0.000000]   AMD AuthenticAMD
[    0.000000]   Centaur CentaurHauls
[    0.000000] x86/fpu: xstate_offset[2]:  576, xstate_sizes[2]:  256
[    0.000000] x86/fpu: Supporting XSAVE feature 0x01: 'x87 floating point registers'
[    0.000000] x86/fpu: Supporting XSAVE feature 0x02: 'SSE registers'
[    0.000000] x86/fpu: Supporting XSAVE feature 0x04: 'AVX registers'
[    0.000000] x86/fpu: Enabled xstate features 0x7, context size is 832 bytes, using 'standard' format.
[    0.000000] e820: BIOS-provided physical RAM map:
[    0.000000] BIOS-e820: [mem 0x0000000000000000-0x000000000009fbff] usable
[    0.000000] BIOS-e820: [mem 0x000000000009fc00-0x000000000009ffff] reserved
[    0.000000] BIOS-e820: [mem 0x00000000000f0000-0x00000000000fffff] reserved
[    0.000000] BIOS-e820: [mem 0x0000000000100000-0x000000002f3effff] usable
[    0.000000] BIOS-e820: [mem 0x000000002f3f0000-0x000000002f3fffff] ACPI data
[    0.000000] BIOS-e820: [mem 0x00000000fec00000-0x00000000fec00fff] reserved
[    0.000000] BIOS-e820: [mem 0x00000000fee00000-0x00000000fee00fff] reserved
[    0.000000] BIOS-e820: [mem 0x00000000fffc0000-0x00000000ffffffff] reserved
[    0.000000] NX (Execute Disable) protection: active
[    0.000000] SMBIOS 2.5 present.
[    0.000000] Hypervisor detected: KVM
[    0.000000] e820: last_pfn = 0x2f3f0 max_arch_pfn = 0x400000000
[    0.000000] MTRR: Disabled
[    0.000000] x86/PAT: MTRRs disabled, skipping PAT initialization too.
[    0.000000] CPU MTRRs all blank - virtualized system.
[    0.000000] x86/PAT: Configuration [0-7]: WB  WT  UC- UC  WB  WT  UC- UC  
[    0.000000] found SMP MP-table at [mem 0x0009fff0-0x0009ffff] mapped at [ffff88000009fff0]
[    0.000000] Scanning 1 areas for low memory corruption
[    0.000000] RAMDISK: [mem 0x2dcc2000-0x2eb4bfff]
[    0.000000] ACPI: Early table checksum verification disabled
[    0.000000] ACPI: RSDP 0x00000000000E0000 000024 (v02 VBOX  )
[    0.000000] ACPI: XSDT 0x000000002F3F0030 00003C (v01 VBOX   VBOXXSDT 00000001 ASL  00000061)
[    0.000000] ACPI: FACP 0x000000002F3F00F0 0000F4 (v04 VBOX   VBOXFACP 00000001 ASL  00000061)
[    0.000000] ACPI: DSDT 0x000000002F3F0470 002325 (v02 VBOX   VBOXBIOS 00000002 INTL 20200925)
[    0.000000] ACPI: FACS 0x000000002F3F0200 000040
[    0.000000] ACPI: FACS 0x000000002F3F0200 000040
[    0.000000] ACPI: APIC 0x000000002F3F0240 00005C (v02 VBOX   VBOXAPIC 00000001 ASL  00000061)
[    0.000000] ACPI: SSDT 0x000000002F3F02A0 0001CC (v01 VBOX   VBOXCPUT 00000002 INTL 20200925)
[    0.000000] No NUMA configuration found
[    0.000000] Faking a node at [mem 0x0000000000000000-0x000000002f3effff]
[    0.000000] NODE_DATA(0) allocated [mem 0x2f3eb000-0x2f3effff]
[    0.000000] kvm-clock: Using msrs 4b564d01 and 4b564d00
[    0.000000] kvm-clock: cpu 0, msr 0:2f3e3001, primary cpu clock
[    0.000000] kvm-clock: using sched offset of 2950992517 cycles
[    0.000000] clocksource: kvm-clock: mask: 0xffffffffffffffff max_cycles: 0x1cd42e4dffb, max_idle_ns: 881590591483 ns
[    0.000000] Zone ranges:
[    0.000000]   DMA      [mem 0x0000000000001000-0x0000000000ffffff]
[    0.000000]   DMA32    [mem 0x0000000001000000-0x000000002f3effff]
[    0.000000]   Normal   empty
[    0.000000]   Device   empty
[    0.000000] Movable zone start for each node
[    0.000000] Early memory node ranges
[    0.000000]   node   0: [mem 0x0000000000001000-0x000000000009efff]
[    0.000000]   node   0: [mem 0x0000000000100000-0x000000002f3effff]
[    0.000000] Initmem setup node 0 [mem 0x0000000000001000-0x000000002f3effff]
[    0.000000] ACPI: PM-Timer IO Port: 0x4008
[    0.000000] IOAPIC[0]: apic_id 2, version 32, address 0xfec00000, GSI 0-23
[    0.000000] ACPI: INT_SRC_OVR (bus 0 bus_irq 0 global_irq 2 dfl dfl)
[    0.000000] ACPI: INT_SRC_OVR (bus 0 bus_irq 9 global_irq 9 low level)
[    0.000000] Using ACPI (MADT) for SMP configuration information
[    0.000000] smpboot: Allowing 2 CPUs, 0 hotplug CPUs
[    0.000000] PM: Registered nosave memory: [mem 0x00000000-0x00000fff]
[    0.000000] PM: Registered nosave memory: [mem 0x0009f000-0x0009ffff]
[    0.000000] PM: Registered nosave memory: [mem 0x000a0000-0x000effff]
[    0.000000] PM: Registered nosave memory: [mem 0x000f0000-0x000fffff]
[    0.000000] e820: [mem 0x2f400000-0xfebfffff] available for PCI devices
[    0.000000] Booting paravirtualized kernel on KVM
[    0.000000] clocksource: refined-jiffies: mask: 0xffffffff max_cycles: 0xffffffff, max_idle_ns: 7645519600211568 ns
[    0.000000] setup_percpu: NR_CPUS:512 nr_cpumask_bits:512 nr_cpu_ids:2 nr_node_ids:1
[    0.000000] PERCPU: Embedded 33 pages/cpu @ffff88002f000000 s95192 r8192 d31784 u1048576
[    0.000000] Built 1 zonelists in Node order, mobility grouping on.  Total pages: 190376
[    0.000000] Policy zone: DMA32
[    0.000000] Kernel command line: BOOT_IMAGE=/boot/vmlinuz-4.4.0-210-generic root=LABEL=cloudimg-rootfs ro console=tty1 console=ttyS0
[    0.000000] PID hash table entries: 4096 (order: 3, 32768 bytes)
[    0.000000] Memory: 727456K/773688K available (8644K kernel code, 1332K rwdata, 4044K rodata, 1492K init, 1164K bss, 46232K reserved, 0K cma-reserved)
[    0.000000] SLUB: HWalign=64, Order=0-3, MinObjects=0, CPUs=2, Nodes=1
[    0.000000] Kernel/User page tables isolation: enabled
[    0.000000] Hierarchical RCU implementation.
[    0.000000] 	Build-time adjustment of leaf fanout to 64.
[    0.000000] 	RCU restricting CPUs from NR_CPUS=512 to nr_cpu_ids=2.
[    0.000000] RCU: Adjusting geometry for rcu_fanout_leaf=64, nr_cpu_ids=2
[    0.000000] NR_IRQS:33024 nr_irqs:440 16
[    0.000000] Console: colour VGA+ 80x25
[    0.000000] console [tty1] enabled
[    0.000000] console [ttyS0] enabled
[    0.000000] tsc: Detected 1689.588 MHz processor
[    0.094356] Calibrating delay loop (skipped) preset value.. 3379.17 BogoMIPS (lpj=6758352)
[    0.095529] pid_max: default: 32768 minimum: 301
[    0.096180] ACPI: Core revision 20150930
[    0.097365] ACPI: 2 ACPI AML tables successfully acquired and loaded
[    0.098415] Security Framework initialized
[    0.099014] Yama: becoming mindful.
[    0.099638] AppArmor: AppArmor initialized
[    0.100426] Dentry cache hash table entries: 131072 (order: 8, 1048576 bytes)
[    0.102327] Inode-cache hash table entries: 65536 (order: 7, 524288 bytes)
[    0.104283] Mount-cache hash table entries: 2048 (order: 2, 16384 bytes)
[    0.105419] Mountpoint-cache hash table entries: 2048 (order: 2, 16384 bytes)
[    0.106695] Initializing cgroup subsys io
[    0.107430] Initializing cgroup subsys memory
[    0.108198] Initializing cgroup subsys devices
[    0.108993] Initializing cgroup subsys freezer
[    0.109895] Initializing cgroup subsys net_cls
[    0.110703] Initializing cgroup subsys perf_event
[    0.111339] Initializing cgroup subsys net_prio
[    0.112006] Initializing cgroup subsys hugetlb
[    0.112659] Initializing cgroup subsys pids
[    0.139889] mce: CPU supports 0 MCE banks
[    0.140548] Last level iTLB entries: 4KB 0, 2MB 0, 4MB 0
[    0.141265] Last level dTLB entries: 4KB 0, 2MB 0, 4MB 0, 1GB 0
[    0.142123] Spectre V1 : Mitigation: usercopy/swapgs barriers and __user pointer sanitization
[    0.143359] Spectre V2 : Mitigation: Full generic retpoline
[    0.144128] Spectre V2 : Spectre v2 / SpectreRSB mitigation: Filling RSB on context switch
[    0.145455] Speculative Store Bypass: Vulnerable
[    0.146256] MDS: Mitigation: Clear CPU buffers
[    0.148982] Freeing SMP alternatives memory: 36K
[    0.156335] ftrace: allocating 32380 entries in 127 pages
[    0.198146] smpboot: APIC(0) Converting physical 0 to logical package 0
[    0.199224] smpboot: Max logical packages: 1
[    0.200119] x2apic enabled
[    0.200742] Switched APIC routing to physical x2apic.
[    0.202361] ..TIMER: vector=0x30 apic1=0 pin1=2 apic2=-1 pin2=-1
[    0.311294] APIC calibration not consistent with PM-Timer: 97ms instead of 100ms
[    0.312778] APIC delta adjusted to PM-Timer: 6250137 (6078132)
[    0.313586] smpboot: CPU0: 11th Gen Intel(R) Core(TM) i7-1165G7 @ 2.80GHz (family: 0x6, model: 0x8c, stepping: 0x1)
[    0.315038] Performance Events: unsupported p6 CPU model 140 no PMU driver, software events only.
[    0.324134] KVM setup paravirtual spinlock
[    0.326046] x86: Booting SMP configuration:
[    0.326621] .... node  #0, CPUs:      #1
[    0.327360] kvm-clock: cpu 1, msr 0:2f3e3041, secondary cpu clock
[    0.355529] mce: CPU supports 0 MCE banks
[    0.357981] x86: Booted up 1 node, 2 CPUs
[    0.358693] smpboot: Total of 2 processors activated (6758.35 BogoMIPS)
[    0.360088] devtmpfs: initialized
[    0.361399] evm: security.selinux
[    0.361898] evm: security.SMACK64
[    0.362393] evm: security.SMACK64EXEC
[    0.362908] evm: security.SMACK64TRANSMUTE
[    0.363439] evm: security.SMACK64MMAP
[    0.363979] evm: security.ima
[    0.364421] evm: security.capability
[    0.365262] clocksource: jiffies: mask: 0xffffffff max_cycles: 0xffffffff, max_idle_ns: 7645041785100000 ns
[    0.367059] futex hash table entries: 512 (order: 3, 32768 bytes)
[    0.368273] pinctrl core: initialized pinctrl subsystem
[    0.369205] RTC time: 17:11:16, date: 06/20/22
[    0.370426] NET: Registered protocol family 16
[    0.382224] cpuidle: using governor ladder
[    0.394313] cpuidle: using governor menu
[    0.394930] PCCT header not found.
[    0.395701] ACPI: bus type PCI registered
[    0.396308] acpiphp: ACPI Hot Plug PCI Controller Driver version: 0.5
[    0.397254] PCI: Using configuration type 1 for base access
[    0.412153] ACPI: Added _OSI(Module Device)
[    0.412958] ACPI: Added _OSI(Processor Device)
[    0.413625] ACPI: Added _OSI(3.0 _SCP Extensions)
[    0.414295] ACPI: Added _OSI(Processor Aggregator Device)
[    0.415548] ACPI: Executed 1 blocks of module-level executable AML code
[    0.417818] ACPI: Interpreter enabled
[    0.418352] ACPI: (supports S0 S5)
[    0.418826] ACPI: Using IOAPIC for interrupt routing
[    0.419552] PCI: Using host bridge windows from ACPI; if necessary, use "pci=nocrs" and report a bug
[    0.422869] ACPI: PCI Root Bridge [PCI0] (domain 0000 [bus 00-ff])
[    0.423621] acpi PNP0A03:00: _OSC: OS supports [ASPM ClockPM Segments MSI]
[    0.424645] acpi PNP0A03:00: _OSC: not requesting OS control; OS requires [ExtendedConfig ASPM ClockPM MSI]
[    0.425890] acpi PNP0A03:00: fail to add MMCONFIG information, can't access extended PCI configuration space under this bridge.
[    0.427401] PCI host bridge to bus 0000:00
[    0.427954] pci_bus 0000:00: root bus resource [io  0x0000-0x0cf7 window]
[    0.428756] pci_bus 0000:00: root bus resource [io  0x0d00-0xffff window]
[    0.429543] pci_bus 0000:00: root bus resource [mem 0x000a0000-0x000bffff window]
[    0.430518] pci_bus 0000:00: root bus resource [mem 0x2f400000-0xfdffffff window]
[    0.431517] pci_bus 0000:00: root bus resource [bus 00-ff]
[    0.433291] pci 0000:00:01.1: legacy IDE quirk: reg 0x10: [io  0x01f0-0x01f7]
[    0.440835] pci 0000:00:01.1: legacy IDE quirk: reg 0x14: [io  0x03f6]
[    0.441955] pci 0000:00:01.1: legacy IDE quirk: reg 0x18: [io  0x0170-0x0177]
[    0.442964] pci 0000:00:01.1: legacy IDE quirk: reg 0x1c: [io  0x0376]
[    0.450419] pci 0000:00:07.0: quirk: [io  0x4000-0x403f] claimed by PIIX4 ACPI
[    0.451528] pci 0000:00:07.0: quirk: [io  0x4100-0x410f] claimed by PIIX4 SMB
[    0.456384] ACPI: PCI Interrupt Link [LNKA] (IRQs 5 9 10 *11)
[    0.457576] ACPI: PCI Interrupt Link [LNKB] (IRQs 5 9 *10 11)
[    0.459057] ACPI: PCI Interrupt Link [LNKC] (IRQs 5 *9 10 11)
[    0.460145] ACPI: PCI Interrupt Link [LNKD] (IRQs 5 9 10 *11)
[    0.461230] ACPI: Enabled 2 GPEs in block 00 to 07
[    0.462238] vgaarb: setting as boot device: PCI:0000:00:02.0
[    0.462937] vgaarb: device added: PCI:0000:00:02.0,decodes=io+mem,owns=io+mem,locks=none
[    0.463918] vgaarb: loaded
[    0.464322] vgaarb: bridge control possible 0000:00:02.0
[    0.465241] SCSI subsystem initialized
[    0.466194] ACPI: bus type USB registered
[    0.466938] usbcore: registered new interface driver usbfs
[    0.467665] usbcore: registered new interface driver hub
[    0.468384] usbcore: registered new device driver usb
[    0.470088] PCI: Using ACPI for IRQ routing
[    0.470982] NetLabel: Initializing
[    0.471500] NetLabel:  domain hash size = 128
[    0.472077] NetLabel:  protocols = UNLABELED CIPSOv4
[    0.472758] NetLabel:  unlabeled traffic allowed by default
[    0.473650] amd_nb: Cannot enumerate AMD northbridges
[    0.474420] clocksource: Switched to clocksource kvm-clock
[    0.480539] AppArmor: AppArmor Filesystem Enabled
[    0.481239] pnp: PnP ACPI init
[    0.482243] pnp: PnP ACPI: found 3 devices
[    0.489510] clocksource: acpi_pm: mask: 0xffffff max_cycles: 0xffffff, max_idle_ns: 2085701024 ns
[    0.490794] NET: Registered protocol family 2
[    0.491635] TCP established hash table entries: 8192 (order: 4, 65536 bytes)
[    0.492750] TCP bind hash table entries: 8192 (order: 5, 131072 bytes)
[    0.493704] TCP: Hash tables configured (established 8192 bind 8192)
[    0.494676] UDP hash table entries: 512 (order: 2, 16384 bytes)
[    0.495550] UDP-Lite hash table entries: 512 (order: 2, 16384 bytes)
[    0.496484] NET: Registered protocol family 1
[    0.497146] pci 0000:00:00.0: Limiting direct PCI/PCI transfers
[    0.498034] pci 0000:00:01.0: Activating ISA DMA hang workarounds
[    0.499329] Unpacking initramfs...
[    0.658741] Freeing initrd memory: 14888K
[    0.659472] clocksource: tsc: mask: 0xffffffffffffffff max_cycles: 0x185abb82210, max_idle_ns: 440795235378 ns
[    0.660794] platform rtc_cmos: registered platform RTC device (no PNP device found)
[    0.661839] Scanning for low memory corruption every 60 seconds
[    0.662873] audit: initializing netlink subsys (disabled)
[    0.663621] audit: type=2000 audit(1655745080.464:1): initialized
[    0.664705] Initialise system trusted keyring
[    0.665659] HugeTLB registered 2 MB page size, pre-allocated 0 pages
[    0.669364] zbud: loaded
[    0.670227] VFS: Disk quotas dquot_6.6.0
[    0.670817] VFS: Dquot-cache hash table entries: 512 (order 0, 4096 bytes)
[    0.671765] squashfs: version 4.0 (2009/01/31) Phillip Lougher
[    0.672689] fuse init (API version 7.23)
[    0.673328] Key type big_key registered
[    0.673865] Allocating IMA MOK and blacklist keyrings.
[    0.674944] Key type asymmetric registered
[    0.675770] Asymmetric key parser 'x509' registered
[    0.676718] Block layer SCSI generic (bsg) driver version 0.4 loaded (major 249)
[    0.677889] io scheduler noop registered
[    0.678435] io scheduler deadline registered (default)
[    0.679323] io scheduler cfq registered
[    0.680028] pci_hotplug: PCI Hot Plug PCI Core version: 0.5
[    0.680830] pciehp: PCI Express Hot Plug Controller Driver version: 0.4
[    0.681836] ACPI: AC Adapter [AC] (on-line)
[    0.682514] input: Power Button as /devices/LNXSYSTM:00/LNXPWRBN:00/input/input0
[    0.683727] ACPI: Power Button [PWRF]
[    0.684378] input: Sleep Button as /devices/LNXSYSTM:00/LNXSLPBN:00/input/input1
[    0.685446] ACPI: Sleep Button [SLPF]
[    0.686540] ACPI: Battery Slot [BAT0] (battery present)
[    0.687325] GHES: HEST is not enabled!
[    0.688019] Serial: 8250/16550 driver, 32 ports, IRQ sharing enabled
[    0.709271] 00:02: ttyS0 at I/O 0x3f8 (irq = 4, base_baud = 115200) is a 16550A
[    0.711892] Linux agpgart interface v0.103
[    0.713819] loop: module loaded
[    0.714971] scsi host0: ata_piix
[    0.715673] scsi host1: ata_piix
[    0.716267] ata1: PATA max UDMA/33 cmd 0x1f0 ctl 0x3f6 bmdma 0xd000 irq 14
[    0.717287] ata2: PATA max UDMA/33 cmd 0x170 ctl 0x376 bmdma 0xd008 irq 15
[    0.718436] libphy: Fixed MDIO Bus: probed
[    0.719215] tun: Universal TUN/TAP device driver, 1.6
[    0.719813] tun: (C) 1999-2004 Max Krasnyansky <maxk@qualcomm.com>
[    0.720716] PPP generic driver version 2.4.2
[    0.721360] ehci_hcd: USB 2.0 'Enhanced' Host Controller (EHCI) Driver
[    0.722109] ehci-pci: EHCI PCI platform driver
[    0.722721] ehci-platform: EHCI generic platform driver
[    0.723480] ohci_hcd: USB 1.1 'Open' Host Controller (OHCI) Driver
[    0.724387] ohci-pci: OHCI PCI platform driver
[    0.725297] ohci-platform: OHCI generic platform driver
[    0.726009] uhci_hcd: USB Universal Host Controller Interface driver
[    0.727001] i8042: PNP: PS/2 Controller [PNP0303:PS2K,PNP0f03:PS2M] at 0x60,0x64 irq 1,12
[    0.728680] serio: i8042 KBD port at 0x60,0x64 irq 1
[    0.729497] serio: i8042 AUX port at 0x60,0x64 irq 12
[    0.730288] mousedev: PS/2 mouse device common for all mice
[    0.731339] input: AT Translated Set 2 keyboard as /devices/platform/i8042/serio0/input/input2
[    0.732984] rtc_cmos rtc_cmos: rtc core: registered rtc_cmos as rtc0
[    0.734054] rtc_cmos rtc_cmos: alarms up to one day, 114 bytes nvram
[    0.735451] i2c /dev entries driver
[    0.736179] device-mapper: uevent: version 1.0.3
[    0.737001] device-mapper: ioctl: 4.34.0-ioctl (2015-10-28) initialised: dm-devel@redhat.com
[    0.738060] ledtrig-cpu: registered to indicate activity on CPUs
[    0.739181] NET: Registered protocol family 10
[    0.740079] NET: Registered protocol family 17
[    0.740762] Key type dns_resolver registered
[    0.742878] registered taskstats version 1
[    0.744220] Loading compiled-in X.509 certificates
[    0.745450] Loaded X.509 cert 'Build time autogenerated kernel key: cf00e047681d67edb2720680708b7d9498083038'
[    0.747080] zswap: loaded using pool lzo/zbud
[    0.749079] Key type trusted registered
[    0.751832] Key type encrypted registered
[    0.752497] AppArmor: AppArmor sha1 policy hashing enabled
[    0.753330] ima: No TPM chip found, activating TPM-bypass!
[    0.754138] ima: Allocated hash algorithm: sha1
[    0.754863] evm: HMAC attrs: 0x1
[    0.755923]   Magic number: 10:921:188
[    0.756641] rtc_cmos rtc_cmos: setting system clock to 2022-06-20 17:11:16 UTC (1655745076)
[    0.757965] BIOS EDD facility v0.16 2004-Jun-25, 0 devices found
[    0.758827] EDD information not available.
[    0.922195] Freeing unused kernel memory: 1492K
[    0.923090] Write protecting the kernel read-only data: 14336k
[    0.924338] Freeing unused kernel memory: 1584K
[    0.925346] Freeing unused kernel memory: 52K
Loading, please wait...
starting version 229
[    0.935640] random: systemd-udevd: uninitialized urandom read (16 bytes read, 3 bits of entropy available)
[    0.935960] random: udevadm: uninitialized urandom read (16 bytes read, 3 bits of entropy available)
[    0.935996] random: udevadm: uninitialized urandom read (16 bytes read, 3 bits of entropy available)
[    0.942545] random: systemd-udevd: uninitialized urandom read (16 bytes read, 3 bits of entropy available)
[    0.943593] random: udevadm: uninitialized urandom read (16 bytes read, 3 bits of entropy available)
[    0.943646] random: udevadm: uninitialized urandom read (16 bytes read, 3 bits of entropy available)
[    0.943758] random: udevadm: uninitialized urandom read (16 bytes read, 3 bits of entropy available)
[    0.943807] random: udevadm: uninitialized urandom read (16 bytes read, 3 bits of entropy available)
[    0.943856] random: udevadm: uninitialized urandom read (16 bytes read, 3 bits of entropy available)
[    0.943907] random: udevadm: uninitialized urandom read (16 bytes read, 3 bits of entropy available)
[    0.995700] e1000: Intel(R) PRO/1000 Network Driver - version 7.3.21-k8-NAPI
[    0.996755] e1000: Copyright (c) 1999-2006 Intel Corporation.
[    0.998140] Fusion MPT base driver 3.04.20
[    0.999493] Copyright (c) 1999-2008 LSI Corporation
[    1.004412] Fusion MPT SPI Host driver 3.04.20
[    1.019353] AVX2 version of gcm_enc/dec engaged.
[    1.020750] AES CTR mode by8 optimization enabled
[    1.210492] input: ImExPS/2 Generic Explorer Mouse as /devices/platform/i8042/serio1/input/input4
[    1.337560] e1000 0000:00:03.0 eth0: (PCI:33MHz:32-bit) 02:be:82:6b:cc:1d
[    1.338563] e1000 0000:00:03.0 eth0: Intel(R) PRO/1000 Network Connection
[    1.340116] mptbase: ioc0: Initiating bringup
[    1.402651] ioc0: LSI53C1030 A0: Capabilities={Initiator}
[    1.563835] scsi host2: ioc0: LSI53C1030 A0, FwRev=00000000h, Ports=1, MaxQ=256, IRQ=20
[    1.675943] scsi 2:0:0:0: Direct-Access     VBOX     HARDDISK         1.0  PQ: 0 ANSI: 5
[    1.677184] scsi target2:0:0: Beginning Domain Validation
[    1.678740] scsi target2:0:0: Domain Validation skipping write tests
[    1.679519] scsi target2:0:0: Ending Domain Validation
[    1.680243] scsi target2:0:0: asynchronous
[    1.681404] scsi 2:0:1:0: Direct-Access     VBOX     HARDDISK         1.0  PQ: 0 ANSI: 5
[    1.682480] scsi target2:0:1: Beginning Domain Validation
[    1.683744] scsi target2:0:1: Domain Validation skipping write tests
[    1.690673] scsi target2:0:1: Ending Domain Validation
[    1.691681] scsi target2:0:1: asynchronous
[    1.695056] sd 2:0:0:0: Attached scsi generic sg0 type 0
[    1.695589] sd 2:0:0:0: [sda] 83886080 512-byte logical blocks: (42.9 GB/40.0 GiB)
[    1.695687] sd 2:0:0:0: [sda] Write Protect is off
[    1.695739] sd 2:0:0:0: [sda] Incomplete mode parameter data
[    1.695740] sd 2:0:0:0: [sda] Assuming drive cache: write through
[    1.700565] sd 2:0:1:0: Attached scsi generic sg1 type 0
[    1.701782] sd 2:0:1:0: [sdb] 20480 512-byte logical blocks: (10.5 MB/10.0 MiB)
[    1.704431]  sda: sda1
[    1.707065] sd 2:0:1:0: [sdb] Write Protect is off
[    1.707810] sd 2:0:1:0: [sdb] Incomplete mode parameter data
[    1.708709] sd 2:0:1:0: [sdb] Assuming drive cache: write through
[    1.710045] sd 2:0:0:0: [sda] Attached SCSI disk
[    1.712512] sd 2:0:1:0: [sdb] Attached SCSI disk
[    1.996882] e1000 0000:00:08.0 eth1: (PCI:33MHz:32-bit) 08:00:27:25:e3:24
[    1.997998] e1000 0000:00:08.0 eth1: Intel(R) PRO/1000 Network Connection
[    2.001556] e1000 0000:00:03.0 enp0s3: renamed from eth0
[    2.039165] e1000 0000:00:08.0 enp0s8: renamed from eth1
Begin: Loading essential drivers ... [    3.251834] md: linear personality registered for level -1
[    3.255345] md: multipath personality registered for level -4
[    3.259635] md: raid0 personality registered for level 0
[    3.263680] md: raid1 personality registered for level 1
[    3.334557] raid6: sse2x1   gen() 14324 MB/s
[    3.402539] raid6: sse2x1   xor()  9340 MB/s
[    3.470461] raid6: sse2x2   gen() 18593 MB/s
[    3.538524] raid6: sse2x2   xor() 13910 MB/s
[    3.606560] raid6: sse2x4   gen() 21527 MB/s
[    3.674504] raid6: sse2x4   xor() 13440 MB/s
[    3.742493] raid6: avx2x1   gen() 25603 MB/s
[    3.810462] raid6: avx2x2   gen() 33917 MB/s
[    3.878467] raid6: avx2x4   gen() 34741 MB/s
[    3.879234] raid6: using algorithm avx2x4 gen() 34741 MB/s
[    3.879980] raid6: using avx2x2 recovery algorithm
[    3.881562] xor: automatically using best checksumming function:
[    3.926911]    avx       : 43672.000 MB/sec
[    3.928840] async_tx: api initialized (async)
[    3.935164] md: raid6 personality registered for level 6
[    3.936095] md: raid5 personality registered for level 5
[    3.937041] md: raid4 personality registered for level 4
[    3.942398] md: raid10 personality registered for level 10
done.
Begin: Running /scripts/init-premount ... done.
Begin: Mounting root file system ... Begin: Running /scripts/local-top ... done.
Begin: Running /scripts/local-premount ... [    3.963084] Btrfs loaded
Scanning for Btrfs filesystems
done.
Warning: fsck not present, so skipping root file system
[    3.985890] EXT4-fs (sda1): mounted filesystem with ordered data mode. Opts: (null)
done.
Begin: Running /scripts/local-bottom ... done.
Begin: Running /scripts/init-bottom ... done.
[    4.048386] systemd[1]: systemd 229 running in system mode. (+PAM +AUDIT +SELINUX +IMA +APPARMOR +SMACK +SYSVINIT +UTMP +LIBCRYPTSETUP +GCRYPT +GNUTLS +ACL +XZ -LZ4 +SECCOMP +BLKID +ELFUTILS +KMOD -IDN)
[    4.050996] systemd[1]: Detected virtualization oracle.
[    4.051759] systemd[1]: Detected architecture x86-64.

Welcome to [1mUbuntu 16.04.7 LTS[0m!

[    4.054873] systemd[1]: Set hostname to <srvswarm3>.
[    4.629051] systemd[1]: Listening on LVM2 poll daemon socket.
[[0;32m  OK  [0m] Listening on LVM2 poll daemon socket.
[    4.630508] systemd[1]: Reached target User and Group Name Lookups.
[[0;32m  OK  [0m] Reached target User and Group Name Lookups.
[    4.632398] systemd[1]: Listening on Journal Socket (/dev/log).
[[0;32m  OK  [0m] Listening on Journal Socket (/dev/log).
[    4.633822] systemd[1]: Listening on Journal Socket.
[[0;32m  OK  [0m] Listening on Journal Socket.
[    4.636333] systemd[1]: Started Forward Password Requests to Wall Directory Watch.
[[0;32m  OK  [0m] Started Forward Password Requests to Wall Directory Watch.
[    4.638084] systemd[1]: Reached target System Time Synchronized.
[[0;32m  OK  [0m] Reached target System Time Synchronized.
[    4.639431] systemd[1]: Reached target Swap.
[[0;32m  OK  [0m] Reached target Swap.
[    4.640433] systemd[1]: Listening on LVM2 metadata daemon socket.
[[0;32m  OK  [0m] Listening on LVM2 metadata daemon socket.
[    4.642299] systemd[1]: Listening on Journal Audit Socket.
[[0;32m  OK  [0m] Listening on Journal Audit Socket.
[    4.644233] systemd[1]: Created slice User and Session Slice.
[[0;32m  OK  [0m] Created slice User and Session Slice.
[    4.645541] systemd[1]: Listening on Syslog Socket.
[[0;32m  OK  [0m] Listening on Syslog Socket.
[    4.646719] systemd[1]: Listening on udev Control Socket.
[[0;32m  OK  [0m] Listening on udev Control Socket.
[    4.647899] systemd[1]: Listening on Device-mapper event daemon FIFOs.
[[0;32m  OK  [0m] Listening on Device-mapper event daemon FIFOs.
[    4.649323] systemd[1]: Set up automount Arbitrary Executable File Formats File System Automount Point.
[[0;32m  OK  [0m] Set up automount Arbitrary Executab...ats File System Automount Point.
[    4.651231] systemd[1]: Listening on /dev/initctl Compatibility Named Pipe.
[[0;32m  OK  [0m] Listening on /dev/initctl Compatibility Named Pipe.
[    4.652822] systemd[1]: Created slice System Slice.
[[0;32m  OK  [0m] Created slice System Slice.
[    4.666864] systemd[1]: Mounting Huge Pages File System...
         Mounting Huge Pages File System...
[    4.670139] systemd[1]: Starting Nameserver information manager...
         Starting Nameserver information manager...
[    4.673569] systemd[1]: Starting Load Kernel Modules...
         Starting Load Kernel Modules...
[    4.681216] Loading iSCSI transport class v2.0-870.
[    4.683567] systemd[1]: Starting Create list of required static device nodes for the current kernel...
         Starting Create list of required st... nodes for the current kernel...
[    4.687000] systemd[1]: Starting Uncomplicated firewall...

    4.688152] iscsi: registered transport (tcp)
         Starting Uncomplicated firewall...
[    4.689986] systemd[1]: Mounting POSIX Message Queue File System...
         Mounting POSIX Message Queue File System...
[    4.692107] systemd[1]: Reached target Slices.
[[0;32m  OK  [0m] Reached target Slices.
[    4.695186] systemd[1]: Starting Monitoring of LVM2 mirrors, snapshots etc. using dmeventd or progress polling...
         Starting Monitoring of LVM2 mirrors... dmeventd or progress polling...
[    4.700147] systemd[1]: Created slice system-serial\x2dgetty.slice.
[[0;32m  OK  [0m] Created slice system-serial\x2dgetty.slice.
[    4.703927] systemd[1]: Starting Journal Service...
         Starting Journal Service...
[    4.706688] systemd[1]: Started Trigger resolvconf update for networkd DNS.
[[0;32m  OK  [0m] Started Trigger resolvconf update for networkd DNS.
[    4.711921] systemd[1]: Listening on fsck to fsckd communication Socket.
[[0;32m  OK  [0m] Listening on fsck to fsckd communication Socket.
[    4.714704] systemd[1]: Starting File System Check on Root Device...
         Starting File System Check on Root Device...
[    4.716387] systemd[1]: Reached target Encrypted Volumes.
[[0;32m  OK  [0m] Reached target Encrypted Volumes.
[    4.719539] systemd[1]: Mounting Debug File System...
         Mounting Debug File System...
[    4.721651] systemd[1]: Starting Set console keymap...
         Starting Set console keymap...
[    4.723703] systemd[1]: Listening on udev Kernel Socket.
[[0;32m  OK  [0m] Listening on udev Kernel Socket.
[    4.729072] systemd[1]: Mounted Huge Pages File System.
[[0;32m  OK  [0m] Mounted Huge Pages File System.
[    4.730880] systemd[1]: Mounted POSIX Message Queue File System.
[[0;32m  OK  [0m] Mounted POSIX Message Queue File System.
[    4.733078] systemd[1]: Mounted Debug File System.
[[0;32m  OK  [0m] Mounted Debug File System.
[    4.736884] systemd[1]: Started Create list of required static device nodes for the current kernel.
[[0;32m  OK  [0m] Started Create list of required sta...ce nodes for the current kernel.
[    4.744533] systemd[1]: Started Uncomplicated firewall.
[[0;32m  OK  [0m] Started Uncomplicated firewall.
[    4.747864] systemd[1]: Started LVM2 metadata daemon.
[[0;32m  OK  [0m] Started LVM2 metadata daemon.
[    4.750141] systemd[1]: Started File System Check Daemon to report status.
[[0;32m  OK  [0m] Started File System Check Daemon to report status.
[    4.753113] systemd[1]: Starting Create Static Device Nodes in /dev...
         Starting Create Static Device Nodes in /dev...
[    4.756845] systemd[1]: Started Nameserver information manager.
[[0;32m  OK  [0m] Started Nameserver information manager.
[    4.767069] systemd[1]: Started Create Static Device Nodes in /dev.
[[0;32m  OK  [0m] Started Create Static Device Nodes in /dev.
[    4.769337] systemd[1]: Started Journal Service.
[[0;32m  OK  [0m] Started Journal Service.
         Starting udev Kernel Device Manager...
[[0;32m  OK  [0m] Started File System Check on Root Device.
         Starting Remount Root and Kernel File Systems...
[    4.783538] EXT4-fs (sda1): re-mounted. Opts: (null)
[[0;32m  OK  [0m] Started Remount Root and Kernel File Systems.
         Starting Flush Journal to Persistent Storage...
         Starting udev Coldplug all Devices...
         Starting Load/Save Random Seed...
[    4.795325] systemd-journald[395]: Received request to flush runtime journal from PID 1
[    4.802282] iscsi: registered transport (iser)
[[0;32m  OK  [0m] Started Load/Save Random Seed.
[[0;32m  OK  [0m] Started Load Kernel Modules.
         Starting Apply Kernel Variables...
         Mounting FUSE Control File System...
[[0;32m  OK  [0m] Mounted FUSE Control File System.
[[0;32m  OK  [0m] Started udev Kernel Device Manager.
[[0;32m  OK  [0m] Started Apply Kernel Variables.
[[0;32m  OK  [0m] Started Flush Journal to Persistent Storage.
[[0;32m  OK  [0m] Started udev Coldplug all Devices.
[[0;32m  OK  [0m] Started Set console keymap.
[[0;32m  OK  [0m] Started Dispatch Password Requests to Console Directory Watch.
[[0;32m  OK  [0m] Found device /dev/ttyS0.
[[0;32m  OK  [0m] Listening on Load/Save RF Kill Switch Status /dev/rfkill Watch.
[[0;32m  OK  [0m] Found device 82540EM Gigabit Ethern...r (PRO/1000 MT Desktop Adapter).
[[0;32m  OK  [0m] Started Monitoring of LVM2 mirrors,...ng dmeventd or progress polling.
[[0;32m  OK  [0m] Reached target Local File Systems (Pre).
[[0;32m  OK  [0m] Reached target Local File Systems.
         Starting LSB: AppArmor initialization...
         Starting Initial cloud-init job (pre-networking)...
         Starting Set console font and keymap...
         Starting Tell Plymouth To Write Out Runtime Data...
         Starting Create Volatile Files and Directories...
[[0;32m  OK  [0m] Started Create Volatile Files and Directories.
[[0;32m  OK  [0m] Started Tell Plymouth To Write Out Runtime Data.
[[0;32m  OK  [0m] Found device 82540EM Gigabit Ethern...r (PRO/1000 MT Desktop Adapter).
         Starting Update UTMP about System Boot/Shutdown...
[[0;32m  OK  [0m] Started LSB: AppArmor initialization.
         Starting Load AppArmor profiles managed internally by snapd...
[[0;32m  OK  [0m] Started Load AppArmor profiles managed internally by snapd.
[[0;32m  OK  [0m] Started Update UTMP about System Boot/Shutdown.
[[0;32m  OK  [0m] Started Set console font and keymap.
[[0;32m  OK  [0m] Created slice system-getty.slice.
[    5.718001] cloud-init[687]: Cloud-init v. 21.1-19-gbad84ad4-0ubuntu1~16.04.2 running 'init-local' at Mon, 20 Jun 2022 17:11:21 +0000. Up 5.57 seconds.
[[0;32m  OK  [0m] Started Initial cloud-init job (pre-networking).
[[0;32m  OK  [0m] Reached target Network (Pre).
[[0;32m  OK  [0m] Started ifup for enp0s3.
[[0;32m  OK  [0m] Started ifup for enp0s8.
         Starting Raise network interfaces...
[[0;32m  OK  [0m] Started Raise network interfaces.
[[0;32m  OK  [0m] Reached target Network.
         Starting Initial cloud-init job (metadata service crawler)...
[    6.208542] cloud-init[1331]: Cloud-init v. 21.1-19-gbad84ad4-0ubuntu1~16.04.2 running 'init' at Mon, 20 Jun 2022 17:11:21 +0000. Up 6.07 seconds.
[    6.211513] cloud-init[1331]: ci-info: ++++++++++++++++++++++++++++++++++++++Net device info+++++++++++++++++++++++++++++++++++++++
[    6.214301] cloud-init[1331]: ci-info: +--------+------+-----------------------------+---------------+--------+-------------------+
[    6.216150] cloud-init[1331]: ci-info: | Device |  Up  |           Address           |      Mask     | Scope  |     Hw-Address    |
[    6.217896] cloud-init[1331]: ci-info: +--------+------+-----------------------------+---------------+--------+-------------------+
[    6.230165] cloud-init[1331]: ci-info: | enp0s3 | True |          10.0.2.15          | 255.255.255.0 | global | 02:be:82:6b:cc:1d |
[    6.232216] cloud-init[1331]: ci-info: | enp0s3 | True |  fe80::be:82ff:fe6b:cc1d/64 |       .       |  link  | 02:be:82:6b:cc:1d |
[    6.234488] cloud-init[1331]: ci-info: | enp0s8 | True |        192.168.56.12        | 255.255.255.0 | global | 08:00:27:25:e3:24 |
[    6.238084] cloud-init[1331]: ci-info: | enp0s8 | True | fe80::a00:27ff:fe25:e324/64 |       .       |  link  | 08:00:27:25:e3:24 |
[    6.240493] cloud-init[1331]: ci-info: |   lo   | True |          127.0.0.1          |   255.0.0.0   |  host  |         .         |
[    6.242554] cloud-init[1331]: ci-info: |   lo   | True |           ::1/128           |       .       |  host  |         .         |
[    6.244912] cloud-init[1331]: ci-info: +--------+------+-----------------------------+---------------+--------+-------------------+
[    6.247821] cloud-init[1331]: ci-info: ++++++++++++++++++++++++++++Route IPv4 info++++++++++++++++++++++++++++
[    6.249672] cloud-init[1331]: ci-info: +-------+--------------+----------+---------------+-----------+-------+
[    6.251243] [[0;32m  OK  [0m] Started Initial cloud-init job (metadata service crawler).
[[0;32m  OK  [0m] Reached target Network is Online.
cloud-init[1331]: ci-info: | Route | Destination  | Gateway  |    Genmask    | Interface | Flags |
[    6.254220] cloud-init[1331]: ci-info: +-------+--------------+----------+---------------+-----------+-------+
[    6.255544] cloud-init[1331]: ci-info: |   0   |   0.0.0.0    | 10.0.2.2 |    0.0.0.0    |   enp0s3  |   UG  |
[    6.257008] cloud-init[1331]: ci-info: |   1   |   10.0.2.0   | 0.0.0.0  | 255.255.255.0 |   enp0s3  |   U   |
[    6.258543] cloud-init[1331]: ci-info: |   2   | 192.168.56.0 | 0.0.0.0  | 255.255.255.0 |   enp0s8  |   U   |
[    6.260041] cloud-init[1331]: ci-info: +-------+--------------+----------+---------------+-----------+-------+
[    6.261448] cloud-init[1331]: ci-info: +++++++++++++++++++Route IPv6 info+++++++++++++++++++
[    6.262730] cloud-init[1331]: ci-info: +-------+-------------+---------+-----------+-------+
         Starting iSCSI initiator daemon (iscsid)...
[    6.263995] cloud-init[1331]: ci-info: | Route | Destination | Gateway | Interface | Flags |
[[0;32m  OK  [0m] Reached target Cloud-config availability.
[[0;32m  OK  [0m] Reached target System Initialization.
[    6.265913] [[0;32m  OK  [0m] Started ACPI Events Check.
[[0;32m  OK  [0m] Reached target Paths.
cloud-init[1331]: ci-info: +-------+-------------+---------+-----------+-------+
[[0;32m  OK  [0m] Started Message of the Day.
[    6.272197]          Starting LXD - unix socket.
         Starting Socket activation for snappy daemon.
[[0;32m  OK  [0m] Listening on UUID daemon activation socket.
[[0;32m  OK  [0m] Listening on D-Bus System Message Bus Socket.
[[0;32m  OK  [0m] Listening on ACPID Listen Socket.
         Starting Docker Socket for the API.
[[0;32m  OK  [0m] Started Daily apt download activities.
[[0;32m  OK  [0m] Started Daily apt upgrade and clean activities.
[[0;32m  OK  [0m] Started Ubuntu Advantage update messaging.
[[0;32m  OK  [0m] Started Daily Cleanup of Temporary Directories.
[[0;32m  OK  [0m] Reached target Timers.
[[0;32m  OK  [0m] Listening on Socket activation for snappy daemon.
cloud-init[1331]: ci-info: |   0   |  fe80::/64  |    ::   |   enp0s8  |   U   |
[    6.281471] cloud-init[[0;32m  OK  [0m] Listening on Docker Socket for the API.
[1331]: ci-info: |   1   |  fe80::/64  |    ::   |   enp0s3  |   U   |
[    6.284138] [[0;32m  OK  [0m] Listening on LXD - unix socket.
[[0;32m  OK  [0m] Started iSCSI initiator daemon (iscsid).
cloud-init[1331]:          Starting Login to default iSCSI targets...
[[0;32m  OK  [0m] Reached target Sockets.
[[0;32m  OK  [0m] Reached target Basic System.
[[0;32m  OK  [0m] Started FUSE filesystem for LXC.
ci-info: |   4   |   ff00::/8  |    ::   |   enp0s8  |   U   |
         Starting Login Service...
[    6.290648]          Starting Ubuntu FAN network setup...
cloud-init[1331]:          Starting /etc/rc.local Compatibility...
ci-info: |   5   |   ff00::/8  |    ::   |   enp0s3  |   U   |         Starting containerd container runtime...
         Starting A high performance web server and a reverse proxy server...
[[0;32m  OK  [0m] Started D-Bus System Message Bus.

[    6.304860] cloud-init[1331]: ci-info: +-------+-------------+---------+-----------+-------+
[[0;32m  OK  [0m] Started ACPI event daemon.
[[0;32m  OK  [0m] Started Deferred execution scheduler.
         Starting Virtualbox guest utils...
[[0;32m  OK  [0m] Started Regular background program processing daemon.
         Starting LSB: MD monitoring daemon...
         Starting Accounts Service...
         Starting System Logging Service...
         Starting LSB: ipvsadm daemon...
         Starting LSB: Record successful boot for GRUB...
         Starting Keepalive Daemon (LVS and VRRP)...
         Starting Snap Daemon...
         Starting OpenBSD Secure Shell server...
         Starting LXD - container startup/shutdown...
[[0;32m  OK  [0m] Started Ubuntu FAN network setup.
[[0;32m  OK  [0m] Started /etc/rc.local Compatibility.
[[0;32m  OK  [0m] Started containerd container runtime.
         Starting Docker Application Container Engine...
[[0;32m  OK  [0m] Started Login Service.
[[0;32m  OK  [0m] Started Unattended Upgrades Shutdown.
[[0;32m  OK  [0m] Started System Logging Service.
[[0;32m  OK  [0m] Started Login to default iSCSI targets.
[[0;32m  OK  [0m] Started LSB: ipvsadm daemon.
[[0;32m  OK  [0m] Reached target Remote File Systems (Pre).
         Mounting /vagrant...
[[0;32m  OK  [0m] Started A high performance web server and a reverse proxy server.
[[0;1;31mFAILED[0m] Failed to mount /vagrant.
See 'systemctl status vagrant.mount' for details.
[[0;1;33mDEPEND[0m] Dependency failed for Remote File Systems.
         Starting LSB: Set up cgroupfs mounts....
         Starting LSB: daemon to balance interrupts for SMP systems...
         Starting Permit User Sessions...
         Starting LSB: automatic crash report generation...
         Starting LSB: Set the CPU Frequency Scaling governor to "ondemand"...
[[0;32m  OK  [0m] Started LSB: MD monitoring daemon.
[[0;32m  OK  [0m] Started LSB: Record successful boot for GRUB.
[[0;32m  OK  [0m] Started Keepalive Daemon (LVS and VRRP).
[[0;32m  OK  [0m] Started LSB: Set up cgroupfs mounts..
[[0;32m  OK  [0m] Started Permit User Sessions.
         Starting Hold until boot process finishes up...
         Starting Terminate Plymouth Boot Screen...
[[0;32m  OK  [0m] Started Hold until boot process finishes up.
[[0;32m  OK  [0m] Started Terminate Plymouth Boot Screen.
[[0;32m  OK  [0m] Started OpenBSD Secure Shell server.
[[0;32m  OK  [0m] Started Getty on tty1.
         Starting Set console scheme...
[[0;32m  OK  [0m] Started Serial Getty on ttyS0.
[[0;32m  OK  [0m] Reached target Login Prompts.
[[0;32m  OK  [0m] Started LSB: Set the CPU Frequency Scaling governor to "ondemand".
[[0;32m  OK  [0m] Started Set console scheme.
         Starting Authenticate and Authorize Users to Run Privileged Tasks...
[[0;32m  OK  [0m] Started LSB: automatic crash report generation.
[[0;32m  OK  [0m] Started Authenticate and Authorize Users to Run Privileged Tasks.
[[0;32m  OK  [0m] Started Accounts Service.
[[0;32m  OK  [0m] Started LSB: daemon to balance interrupts for SMP systems.
[[0;32m  OK  [0m] Started LXD - container startup/shutdown.
[[0;32m  OK  [0m] Started Virtualbox guest utils.
[[0;32m  OK  [0m] Started Snap Daemon.
         Starting Wait until snapd is fully seeded...
[[0;32m  OK  [0m] Started Wait until snapd is fully seeded.
         Starting Apply the settings specified in cloud-config...
[    7.121647] cloud-init[1667]: Cloud-init v. 21.1-19-gbad84ad4-0ubuntu1~16.04.2 running 'modules:config' at Mon, 20 Jun 2022 17:11:22 +0000. Up 7.06 seconds.
[[0;32m  OK  [0m] Started Apply the settings specified in cloud-config.
[[0;32m  OK  [0m] Started Docker Application Container Engine.
[[0;32m  OK  [0m] Reached target Multi-User System.
[[0;32m  OK  [0m] Reached target Graphical Interface.
         Starting Update UTMP about System Runlevel Changes...
         Starting Execute cloud user/final scripts...
[[0;32m  OK  [0m] Started Update UTMP about System Runlevel Changes.
[    7.472216] cloud-init[1924]: Cloud-init v. 21.1-19-gbad84ad4-0ubuntu1~16.04.2 running 'modules:final' at Mon, 20 Jun 2022 17:11:23 +0000. Up 7.41 seconds.
[    7.473391] cloud-init[1924]: Cloud-init v. 21.1-19-gbad84ad4-0ubuntu1~16.04.2 finished at Mon, 20 Jun 2022 17:11:23 +0000. Datasource DataSourceNoCloud [seed=/dev/sdb][dsmode=net].  Up 7.46 seconds
[[0;32m  OK  [0m] Started Execute cloud user/final scripts.
[[0;32m  OK  [0m] Reached target Cloud-init target.

Ubuntu 16.04.7 LTS srvswarm3 ttyS0

srvswarm3 login: 